[31408:29772:0703/091405.303:INFO:components\enterprise\browser\controller\chrome_browser_cloud_management_controller.cc:239] No machine level policy manager exists.
[31408:29772:0703/091406.583:INFO:CONSOLE:0] "[DOM] Input elements should have autocomplete attributes (suggested: "current-password"): (More info: https://goo.gl/9p2vKq) %o", source: https://fatura.odeal.com/index.php (0)
[31408:29772:0703/091406.780:INFO:CONSOLE:0] "[DOM] Input elements should have autocomplete attributes (suggested: "current-password"): (More info: https://goo.gl/9p2vKq) %o", source: https://fatura.odeal.com/index.php (0)
[31408:4592:0703/091409.007:ERROR:google_apis\gcm\engine\registration_request.cc:291] Registration response error message: DEPRECATED_ENDPOINT
[31408:29772:0703/091426.046:INFO:CONSOLE:8528] "crosshairs.width = "barWidth" is only supported in single series, not in a multi-series barChart", source: https://fatura.odeal.com/assets/scripts/main.87c0748b313a1dda75f5.js (8528)
[31408:29772:0703/091426.046:INFO:CONSOLE:8528] "followCursor option in shared columns cannot be turned off", source: https://fatura.odeal.com/assets/scripts/main.87c0748b313a1dda75f5.js (8528)
[31408:29772:0703/091426.048:INFO:CONSOLE:8528] "crosshairs.width = "barWidth" is only supported in single series, not in a multi-series barChart", source: https://fatura.odeal.com/assets/scripts/main.87c0748b313a1dda75f5.js (8528)
[31408:29772:0703/091426.048:INFO:CONSOLE:8528] "followCursor option in shared columns cannot be turned off", source: https://fatura.odeal.com/assets/scripts/main.87c0748b313a1dda75f5.js (8528)
[31408:29772:0703/091426.216:INFO:CONSOLE:76166] "Uncaught TypeError: $(...).mask is not a function", source: https://fatura.odeal.com/assets/scripts/main.87c0748b313a1dda75f5.js (76166)
[31408:29772:0703/091426.220:INFO:CONSOLE:0] "[DOM] Password field is not contained in a form: (More info: https://goo.gl/9p2vKq) %o", source: https://fatura.odeal.com/index.html (0)
[31408:29772:0703/091426.220:INFO:CONSOLE:0] "[DOM] Password field is not contained in a form: (More info: https://goo.gl/9p2vKq) %o", source: https://fatura.odeal.com/index.html (0)
[31408:29772:0703/091426.220:INFO:CONSOLE:0] "[DOM] Password field is not contained in a form: (More info: https://goo.gl/9p2vKq) %o", source: https://fatura.odeal.com/index.html (0)
[31408:4592:0703/091434.735:ERROR:google_apis\gcm\engine\registration_request.cc:291] Registration response error message: DEPRECATED_ENDPOINT
[31408:29772:0703/091502.749:INFO:CONSOLE:8528] "crosshairs.width = "barWidth" is only supported in single series, not in a multi-series barChart", source: https://fatura.odeal.com/assets/scripts/main.87c0748b313a1dda75f5.js (8528)
[31408:29772:0703/091502.749:INFO:CONSOLE:8528] "followCursor option in shared columns cannot be turned off", source: https://fatura.odeal.com/assets/scripts/main.87c0748b313a1dda75f5.js (8528)
[31408:29772:0703/091502.749:INFO:CONSOLE:8528] "crosshairs.width = "barWidth" is only supported in single series, not in a multi-series barChart", source: https://fatura.odeal.com/assets/scripts/main.87c0748b313a1dda75f5.js (8528)
[31408:29772:0703/091502.749:INFO:CONSOLE:8528] "followCursor option in shared columns cannot be turned off", source: https://fatura.odeal.com/assets/scripts/main.87c0748b313a1dda75f5.js (8528)
[31408:29772:0703/091502.911:INFO:CONSOLE:0] "[DOM] Password field is not contained in a form: (More info: https://goo.gl/9p2vKq) %o", source: https://fatura.odeal.com/gelenfatura (0)
[31408:29772:0703/091502.911:INFO:CONSOLE:0] "[DOM] Password field is not contained in a form: (More info: https://goo.gl/9p2vKq) %o", source: https://fatura.odeal.com/gelenfatura (0)
[31408:29772:0703/091502.911:INFO:CONSOLE:0] "[DOM] Password field is not contained in a form: (More info: https://goo.gl/9p2vKq) %o", source: https://fatura.odeal.com/gelenfatura (0)
[31408:4592:0703/091526.564:ERROR:google_apis\gcm\engine\registration_request.cc:291] Registration response error message: DEPRECATED_ENDPOINT
[31408:29772:0703/091705.875:INFO:CONSOLE:0] "Autofocus processing was blocked because a document already has a focused element.", source: devtools://devtools/bundled/devtools_app.html?remoteBase=https://chrome-devtools-frontend.appspot.com/serve_file/@6a7b3dbec3b2ca25877c2553b5473b2f277ef644/&targetType=tab&can_dock=true&panel=elements&hasOtherClients=true (0)
[31408:29772:0703/091706.610:INFO:CONSOLE:56345] "Error: <g> attribute transform: Expected number, "scale(NaN) translate(N…".", source: https://fatura.odeal.com/assets/scripts/main.87c0748b313a1dda75f5.js (56345)
[31408:4592:0703/091715.700:ERROR:google_apis\gcm\engine\registration_request.cc:291] Registration response error message: DEPRECATED_ENDPOINT
[31408:29772:0703/091754.407:INFO:CONSOLE:56345] "Error: <g> attribute transform: Expected number, "scale(NaN) translate(N…".", source: https://fatura.odeal.com/assets/scripts/main.87c0748b313a1dda75f5.js (56345)
[31408:29772:0703/091802.767:INFO:CONSOLE:0] "Autofocus processing was blocked because a document already has a focused element.", source: devtools://devtools/bundled/devtools_app.html?remoteBase=https://chrome-devtools-frontend.appspot.com/serve_file/@6a7b3dbec3b2ca25877c2553b5473b2f277ef644/&targetType=tab&can_dock=true&panel=elements&hasOtherClients=true (0)
[31408:29772:0703/091803.192:INFO:CONSOLE:56345] "Error: <g> attribute transform: Expected number, "scale(NaN) translate(N…".", source: https://fatura.odeal.com/assets/scripts/main.87c0748b313a1dda75f5.js (56345)
[31408:4592:0703/092013.722:ERROR:google_apis\gcm\engine\registration_request.cc:291] Registration response error message: QUOTA_EXCEEDED
[31408:29772:0703/092724.680:INFO:CONSOLE:8528] "crosshairs.width = "barWidth" is only supported in single series, not in a multi-series barChart", source: https://fatura.odeal.com/assets/scripts/main.87c0748b313a1dda75f5.js (8528)
[31408:29772:0703/092724.680:INFO:CONSOLE:8528] "followCursor option in shared columns cannot be turned off", source: https://fatura.odeal.com/assets/scripts/main.87c0748b313a1dda75f5.js (8528)
[31408:29772:0703/092724.680:INFO:CONSOLE:8528] "crosshairs.width = "barWidth" is only supported in single series, not in a multi-series barChart", source: https://fatura.odeal.com/assets/scripts/main.87c0748b313a1dda75f5.js (8528)
[31408:29772:0703/092724.681:INFO:CONSOLE:8528] "followCursor option in shared columns cannot be turned off", source: https://fatura.odeal.com/assets/scripts/main.87c0748b313a1dda75f5.js (8528)
[31408:29772:0703/092725.285:INFO:CONSOLE:0] "[DOM] Password field is not contained in a form: (More info: https://goo.gl/9p2vKq) %o", source: https://fatura.odeal.com/gelenfatura (0)
[31408:29772:0703/092725.285:INFO:CONSOLE:0] "[DOM] Password field is not contained in a form: (More info: https://goo.gl/9p2vKq) %o", source: https://fatura.odeal.com/gelenfatura (0)
[31408:29772:0703/092725.285:INFO:CONSOLE:0] "[DOM] Password field is not contained in a form: (More info: https://goo.gl/9p2vKq) %o", source: https://fatura.odeal.com/gelenfatura (0)
[31408:29772:0703/092806.489:INFO:CONSOLE:56345] "Error: <g> attribute transform: Expected number, "scale(NaN) translate(N…".", source: https://fatura.odeal.com/assets/scripts/main.87c0748b313a1dda75f5.js (56345)
[31408:29772:0703/092810.066:INFO:CONSOLE:0] "Autofocus processing was blocked because a document already has a focused element.", source: devtools://devtools/bundled/devtools_app.html?remoteBase=https://chrome-devtools-frontend.appspot.com/serve_file/@6a7b3dbec3b2ca25877c2553b5473b2f277ef644/&targetType=tab&can_dock=true&panel=elements&hasOtherClients=true (0)
[31408:29772:0703/092810.500:INFO:CONSOLE:56345] "Error: <g> attribute transform: Expected number, "scale(NaN) translate(N…".", source: https://fatura.odeal.com/assets/scripts/main.87c0748b313a1dda75f5.js (56345)
[31408:29772:0703/092942.440:INFO:CONSOLE:56345] "Error: <g> attribute transform: Expected number, "scale(NaN) translate(N…".", source: https://fatura.odeal.com/assets/scripts/main.87c0748b313a1dda75f5.js (56345)
[31408:29772:0703/092949.699:INFO:CONSOLE:8528] "crosshairs.width = "barWidth" is only supported in single series, not in a multi-series barChart", source: https://fatura.odeal.com/assets/scripts/main.87c0748b313a1dda75f5.js (8528)
[31408:29772:0703/092949.699:INFO:CONSOLE:8528] "followCursor option in shared columns cannot be turned off", source: https://fatura.odeal.com/assets/scripts/main.87c0748b313a1dda75f5.js (8528)
[31408:29772:0703/092949.699:INFO:CONSOLE:8528] "crosshairs.width = "barWidth" is only supported in single series, not in a multi-series barChart", source: https://fatura.odeal.com/assets/scripts/main.87c0748b313a1dda75f5.js (8528)
[31408:29772:0703/092949.699:INFO:CONSOLE:8528] "followCursor option in shared columns cannot be turned off", source: https://fatura.odeal.com/assets/scripts/main.87c0748b313a1dda75f5.js (8528)
[31408:29772:0703/092949.817:INFO:CONSOLE:0] "[DOM] Password field is not contained in a form: (More info: https://goo.gl/9p2vKq) %o", source: https://fatura.odeal.com/gelenfatura (0)
[31408:29772:0703/092949.817:INFO:CONSOLE:0] "[DOM] Password field is not contained in a form: (More info: https://goo.gl/9p2vKq) %o", source: https://fatura.odeal.com/gelenfatura (0)
[31408:29772:0703/092949.817:INFO:CONSOLE:0] "[DOM] Password field is not contained in a form: (More info: https://goo.gl/9p2vKq) %o", source: https://fatura.odeal.com/gelenfatura (0)
[31408:29772:0703/093005.196:INFO:CONSOLE:0] "Autofocus processing was blocked because a document already has a focused element.", source: devtools://devtools/bundled/devtools_app.html?remoteBase=https://chrome-devtools-frontend.appspot.com/serve_file/@6a7b3dbec3b2ca25877c2553b5473b2f277ef644/&targetType=tab&can_dock=true&panel=elements&hasOtherClients=true (0)
[31408:29772:0703/093005.266:INFO:CONSOLE:56345] "Error: <g> attribute transform: Expected number, "scale(NaN) translate(N…".", source: https://fatura.odeal.com/assets/scripts/main.87c0748b313a1dda75f5.js (56345)
[31408:29772:0703/093813.179:INFO:CONSOLE:8528] "crosshairs.width = "barWidth" is only supported in single series, not in a multi-series barChart", source: https://fatura.odeal.com/assets/scripts/main.87c0748b313a1dda75f5.js (8528)
[31408:29772:0703/093813.179:INFO:CONSOLE:8528] "followCursor option in shared columns cannot be turned off", source: https://fatura.odeal.com/assets/scripts/main.87c0748b313a1dda75f5.js (8528)
[31408:29772:0703/093813.179:INFO:CONSOLE:8528] "crosshairs.width = "barWidth" is only supported in single series, not in a multi-series barChart", source: https://fatura.odeal.com/assets/scripts/main.87c0748b313a1dda75f5.js (8528)
[31408:29772:0703/093813.179:INFO:CONSOLE:8528] "followCursor option in shared columns cannot be turned off", source: https://fatura.odeal.com/assets/scripts/main.87c0748b313a1dda75f5.js (8528)
[31408:29772:0703/093813.999:INFO:CONSOLE:0] "[DOM] Password field is not contained in a form: (More info: https://goo.gl/9p2vKq) %o", source: https://fatura.odeal.com/gelenfatura (0)
[31408:29772:0703/093813.999:INFO:CONSOLE:0] "[DOM] Password field is not contained in a form: (More info: https://goo.gl/9p2vKq) %o", source: https://fatura.odeal.com/gelenfatura (0)
[31408:29772:0703/093813.999:INFO:CONSOLE:0] "[DOM] Password field is not contained in a form: (More info: https://goo.gl/9p2vKq) %o", source: https://fatura.odeal.com/gelenfatura (0)
[31408:29772:0703/093837.324:INFO:CONSOLE:56345] "Error: <g> attribute transform: Expected number, "scale(NaN) translate(N…".", source: https://fatura.odeal.com/assets/scripts/main.87c0748b313a1dda75f5.js (56345)
[31408:29772:0703/094424.653:INFO:CONSOLE:8528] "crosshairs.width = "barWidth" is only supported in single series, not in a multi-series barChart", source: https://fatura.odeal.com/assets/scripts/main.87c0748b313a1dda75f5.js (8528)
[31408:29772:0703/094424.653:INFO:CONSOLE:8528] "followCursor option in shared columns cannot be turned off", source: https://fatura.odeal.com/assets/scripts/main.87c0748b313a1dda75f5.js (8528)
[31408:29772:0703/094424.653:INFO:CONSOLE:8528] "crosshairs.width = "barWidth" is only supported in single series, not in a multi-series barChart", source: https://fatura.odeal.com/assets/scripts/main.87c0748b313a1dda75f5.js (8528)
[31408:29772:0703/094424.653:INFO:CONSOLE:8528] "followCursor option in shared columns cannot be turned off", source: https://fatura.odeal.com/assets/scripts/main.87c0748b313a1dda75f5.js (8528)
[31408:29772:0703/094424.822:INFO:CONSOLE:0] "[DOM] Password field is not contained in a form: (More info: https://goo.gl/9p2vKq) %o", source: https://fatura.odeal.com/gelenfatura (0)
[31408:29772:0703/094424.823:INFO:CONSOLE:0] "[DOM] Password field is not contained in a form: (More info: https://goo.gl/9p2vKq) %o", source: https://fatura.odeal.com/gelenfatura (0)
[31408:29772:0703/094424.823:INFO:CONSOLE:0] "[DOM] Password field is not contained in a form: (More info: https://goo.gl/9p2vKq) %o", source: https://fatura.odeal.com/gelenfatura (0)
[31408:29772:0703/095249.561:ERROR:components\device_event_log\device_event_log_impl.cc:200] [09:52:49.551] USB: usb_service_win.cc:108 SetupDiGetDeviceProperty({{A45C254E-DF1C-4EFD-8020-67D146A850E0}, 6}) failed: Eleman bulunamadı. (0x490)
